
ToriRender - Render Configuration
============================================================
Config File: config/scene.json
Output Directory: output
Image File: output/images/serial_1280x720_ssp128_depth4.png
Metrics CSV: output/render_metrics.csv
Resolution: 1280x720
Samples/Pixel: 128
Max Depth: 4
RNG Seed: 1337
Primary Samples: 117964800

Camera
  Look From: (0.000000, 1.000000, 2.000000)
  Look At: (0.000000, 0.000000, -3.000000)
  View Up: (0.000000, 1.000000, 0.000000)
  Vertical FOV: 60.000000

Scene Lighting
  Light Direction: (-0.340000, 1.000000, -0.250000)
  Background Low: (0.180000, 0.220000, 0.320000)
  Background High: (0.780000, 0.880000, 1.000000)

Floor
  Floor Y: -1.220000
  Checker Scale: 1.350000
  Light Tile Material
  Type: diffuse
  Base Color: (0.880000, 0.880000, 0.900000)
  Specular Color: (0.950000, 0.950000, 0.950000)
  Ambient: 0.080000
  Diffuse: 0.720000
  Specular: 0.120000
  Shininess: 38.000000
  Reflection: 0.130000
  Fuzz: 0.000000
  Dark Tile Material
  Type: diffuse
  Base Color: (0.040000, 0.040000, 0.050000)
  Specular Color: (0.550000, 0.550000, 0.580000)
  Ambient: 0.030000
  Diffuse: 0.580000
  Specular: 0.080000
  Shininess: 28.000000
  Reflection: 0.030000
  Fuzz: 0.000000

Torus 1 (Primary)
  Major Radius: 1.120000
  Minor Radius: 0.340000
  Center: (-0.350000, -0.880000, -3.450000)
  Axis: y
  Material
  Type: metal
  Base Color: (1.000000, 0.766000, 0.336000)
  Specular Color: (0.950000, 0.950000, 0.950000)
  Ambient: 0.030000
  Diffuse: 0.100000
  Specular: 1.000000
  Shininess: 260.000000
  Reflection: 0.000000
  Fuzz: 0.050000

Torus 2 (Secondary)
  Major Radius: 0.950000
  Minor Radius: 0.310000
  Center: (1.110000, -0.205651, -3.090000)
  Axis: custom (0.580901, 0.671041, 0.460715)
  Material
  Type: metal
  Base Color: (0.950000, 0.950000, 0.950000)
  Specular Color: (1.000000, 1.000000, 1.000000)
  Ambient: 0.030000
  Diffuse: 0.100000
  Specular: 1.000000
  Shininess: 260.000000
  Reflection: 0.000000
  Fuzz: 0.010000

Render started...
============================================================


Render completed successfully
============================================================
Saved At: output/images/serial_1280x720_ssp128_depth4.png
Metrics CSV: output/render_metrics.csv
Elapsed: 1865.373 s
Configuration: 1280x720 | spp 128 | depth 4
============================================================
