AQuA serial job started
job_id=1727522.hn1
workdir=/lfs/usrhome/btech/ce23b048/ToriRender
scratch_job_dir=/lfs/usrhome/btech/ce23b048/scratch/ToriRender/job1727522
pbs_log=/lfs/usrhome/btech/ce23b048/ToriRender/logs/aqua_serial_2026-04-10_time_02h42m20s.pbs.log
cmake_bin=/lfs/sware/cmake3.26/bin/cmake
cxx_bin=/lfs/sware/gcc13.3.0/bin/c++
-- The CXX compiler identification is GNU 13.3.0
-- Detecting CXX compiler ABI info
-- Detecting CXX compiler ABI info - done
-- Check for working CXX compiler: /lfs/sware/gcc13.3.0/bin/g++ - skipped
-- Detecting CXX compile features
-- Detecting CXX compile features - done
[ 11%] Creating directories for 'stb-populate'
[ 22%] Performing download step (git clone) for 'stb-populate'
Cloning into 'stb-src'...
fatal: unable to access 'https://github.com/nothings/stb.git/': Could not resolve host: github.com; Unknown error
Cloning into 'stb-src'...
fatal: unable to access 'https://github.com/nothings/stb.git/': Could not resolve host: github.com; Name or service not known
Cloning into 'stb-src'...
fatal: unable to access 'https://github.com/nothings/stb.git/': Could not resolve host: github.com; Name or service not known
-- Had to git clone more than once: 3 times.
CMake Error at stb-subbuild/stb-populate-prefix/tmp/stb-populate-gitclone.cmake:39 (message):
  Failed to clone repository: 'https://github.com/nothings/stb.git'


gmake[2]: *** [stb-populate-prefix/src/stb-populate-stamp/stb-populate-download] Error 1
gmake[1]: *** [CMakeFiles/stb-populate.dir/all] Error 2
gmake: *** [all] Error 2

CMake Error at /lfs/sware/cmake3.26/share/cmake-3.26/Modules/FetchContent.cmake:1622 (message):
  Build step for stb failed: 2
Call Stack (most recent call first):
  /lfs/sware/cmake3.26/share/cmake-3.26/Modules/FetchContent.cmake:1762:EVAL:2 (__FetchContent_directPopulate)
  /lfs/sware/cmake3.26/share/cmake-3.26/Modules/FetchContent.cmake:1762 (cmake_language)
  /lfs/sware/cmake3.26/share/cmake-3.26/Modules/FetchContent.cmake:1976 (FetchContent_Populate)
  CMakeLists.txt:72 (FetchContent_MakeAvailable)


-- Configuring incomplete, errors occurred!
Render job failed with status 1.
Scratch retained at: /lfs/usrhome/btech/ce23b048/scratch/ToriRender/job1727522
